// Jest Snapshot v1, https://goo.gl/fbAQLP

exports[`changelog generateChangelog generates changelog as expected 1`] = `""`;
